MPLINK 4.35, Linker
Linker Map File - Created Wed Feb 01 12:35:41 2023

                                 Section Info
                  Section       Type    Address   Location Size(Bytes)
                ---------  ---------  ---------  ---------  ---------
                   .cinit    romdata   0x000000    program   0x000004
                   .org_0       code   0x000005    program   0x000018
       .config_2007_EX0.O       code   0x002007    program   0x000002



                              Program Memory Usage 
                               Start         End      
                           ---------   ---------      
                            0x000000    0x000001      
                            0x000005    0x000010      
                            0x002007    0x002007      
            15 out of 1093 program addresses used, program memory utilization is 1%



                              Symbols - Sorted by Name
                     Name    Address   Location    Storage File                     
                ---------  ---------  ---------  --------- ---------                
                      OFF   0x00000f    program     static D:\Users\hafeu\Desktop\Hafedh\Personal-Repository\2A23\Semester 2\Micro\TP0\ex0.asm
                       ON   0x00000d    program     static D:\Users\hafeu\Desktop\Hafedh\Personal-Repository\2A23\Semester 2\Micro\TP0\ex0.asm
                     TEST   0x00000a    program     static D:\Users\hafeu\Desktop\Hafedh\Personal-Repository\2A23\Semester 2\Micro\TP0\ex0.asm



                              Symbols - Sorted by Address
                     Name    Address   Location    Storage File                     
                ---------  ---------  ---------  --------- ---------                
                     TEST   0x00000a    program     static D:\Users\hafeu\Desktop\Hafedh\Personal-Repository\2A23\Semester 2\Micro\TP0\ex0.asm
                       ON   0x00000d    program     static D:\Users\hafeu\Desktop\Hafedh\Personal-Repository\2A23\Semester 2\Micro\TP0\ex0.asm
                      OFF   0x00000f    program     static D:\Users\hafeu\Desktop\Hafedh\Personal-Repository\2A23\Semester 2\Micro\TP0\ex0.asm


